Test     : CostJb   : Nonlinear Jb = 0
Test     : CostJo   : Nonlinear Jo(sea_surface_temperature) = 689.619, nobs = 78, Jo/n = 8.84127, err = 0.384129
Test     : CostFunction: Nonlinear J = 689.619
Test     : DRIPCGMinimizer: reduction in residual norm = 0.0404452
Test     : CostFunction::addIncrement: Analysis: min = -1.82546, max = 31.6552, mean = 13.2704
Test     : umdsst::ModelAuxControl not implemented
Test     : CostJb   : Nonlinear Jb = 79.0669
Test     : CostJo   : Nonlinear Jo(sea_surface_temperature) = 31.6867, nobs = 78, Jo/n = 0.40624, err = 0.384129
Test     : CostFunction: Nonlinear J = 110.754
