Test     : CostJb   : Nonlinear Jb = 0
Test     : CostJo   : Nonlinear Jo(sea_surface_temperature) = 10824.5, nobs = 140, Jo/n = 77.3176, err = 0.370178
Test     : CostFunction: Nonlinear J = 10824.5 
Test     : DRIPCGMinimizer: reduction in residual norm = 0.0279479
Test     : CostFunction::addIncrement: Analysis: min = -1.82546, max = 31.949, mean = 13.5279
Test     : umdsst::ModelAuxControl not implemented
Test     : CostJb   : Nonlinear Jb = 593.411
Test     : CostJo   : Nonlinear Jo(sea_surface_temperature) = 154.385, nobs = 140, Jo/n = 1.10275, err = 0.370178
Test     : CostFunction: Nonlinear J = 747.797
